../Core/Src/st7789.c:20:13:ST7789_WriteCommand	16	static,ignoring_inline_asm
../Core/Src/st7789.c:66:13:ST7789_WriteSmallData	16	static,ignoring_inline_asm
../Core/Src/st7789.c:34:13:ST7789_WriteData	32	static,ignoring_inline_asm
../Core/Src/st7789.c:105:13:ST7789_SetAddressWindow	32	static,ignoring_inline_asm
../Core/Src/st7789.c:79:6:ST7789_SetRotation	8	static
../Core/Src/st7789.c:199:6:ST7789_Fill_Color	16	static,ignoring_inline_asm
../Core/Src/st7789.c:134:6:ST7789_Init	32	static
../Core/Src/st7789.c:228:6:ST7789_DrawPixel	24	static,ignoring_inline_asm
../Core/Src/st7789.c:247:6:ST7789_Fill	40	static,ignoring_inline_asm
../Core/Src/st7789.c:268:6:ST7789_DrawPixel_4px	16	static,ignoring_inline_asm
../Core/Src/st7789.c:284:6:ST7789_DrawLine	48	static
../Core/Src/st7789.c:345:6:ST7789_DrawRectangle	32	static,ignoring_inline_asm
../Core/Src/st7789.c:362:6:ST7789_DrawCircle	56	static,ignoring_inline_asm
../Core/Src/st7789.c:406:6:ST7789_DrawImage	24	static,ignoring_inline_asm
../Core/Src/st7789.c:426:6:ST7789_InvertColors	8	static,ignoring_inline_asm
../Core/Src/st7789.c:442:6:ST7789_WriteChar	48	static,ignoring_inline_asm
../Core/Src/st7789.c:473:6:ST7789_WriteString	48	static,ignoring_inline_asm
../Core/Src/st7789.c:504:6:ST7789_DrawFilledRectangle	40	static,ignoring_inline_asm
../Core/Src/st7789.c:538:6:ST7789_DrawTriangle	40	static,ignoring_inline_asm
../Core/Src/st7789.c:554:6:ST7789_DrawFilledTriangle	80	static,ignoring_inline_asm
../Core/Src/st7789.c:623:6:ST7789_DrawFilledCircle	64	static,ignoring_inline_asm
../Core/Src/st7789.c:663:6:ST7789_TearEffect	8	static,ignoring_inline_asm
../Core/Src/st7789.c:676:6:ST7789_Test	48	static,ignoring_inline_asm
